2025-04-03 14:57:11,729 - INFO - Initializing undetected ChromeDriver...
2025-04-03 14:57:13,794 - INFO - patching driver executable /Users/brianbarry/Library/Application Support/undetected_chromedriver/undetected_chromedriver
2025-04-03 14:57:16,931 - INFO - Starting category 1/1: bakery
2025-04-03 14:57:16,932 - INFO - Starting to scrape category: bakery
2025-04-03 14:57:49,358 - WARNING - No cookie consent buttons found
2025-04-03 14:58:15,331 - INFO - Getting max pages for category: bakery
2025-04-03 14:58:38,502 - WARNING - No cookie consent buttons found
2025-04-03 14:58:44,807 - INFO - Found 5 pages for bakery
2025-04-03 14:58:44,807 - INFO - Category bakery: 5 pages found
2025-04-03 14:58:44,807 - INFO - Accessing https://www.tesco.com/groceries/en-GB/shop/bakery/all?page=1
2025-04-03 14:59:04,970 - INFO - Found 27 products using selector: div.styled__StyledVerticalTile-sc-1r1v9f3-1
2025-04-03 14:59:04,986 - INFO - Scraped page 1/5 of bakery - found 27 products
2025-04-03 14:59:11,139 - INFO - Accessing https://www.tesco.com/groceries/en-GB/shop/bakery/all?page=2
2025-04-03 14:59:28,312 - INFO - Found 48 products using selector: div.styled__StyledVerticalTile-sc-1r1v9f3-1
2025-04-03 14:59:28,331 - INFO - Scraped page 2/5 of bakery - found 48 products
2025-04-03 14:59:35,810 - INFO - Accessing https://www.tesco.com/groceries/en-GB/shop/bakery/all?page=3
2025-04-03 14:59:51,058 - INFO - Found 48 products using selector: div.styled__StyledVerticalTile-sc-1r1v9f3-1
2025-04-03 14:59:51,082 - INFO - Scraped page 3/5 of bakery - found 48 products
2025-04-03 14:59:57,869 - INFO - Accessing https://www.tesco.com/groceries/en-GB/shop/bakery/all?page=4
2025-04-03 15:00:25,773 - INFO - Found 48 products using selector: div.styled__StyledVerticalTile-sc-1r1v9f3-1
2025-04-03 15:00:25,797 - INFO - Scraped page 4/5 of bakery - found 48 products
2025-04-03 15:00:33,404 - INFO - Accessing https://www.tesco.com/groceries/en-GB/shop/bakery/all?page=5
2025-04-03 15:00:54,879 - INFO - Found 48 products using selector: div.styled__StyledVerticalTile-sc-1r1v9f3-1
2025-04-03 15:00:54,900 - INFO - Scraped page 5/5 of bakery - found 48 products
2025-04-03 15:00:54,943 - INFO - Finished scraping bakery: got 219 products
2025-04-03 15:00:55,814 - INFO - Driver closed successfully
